---
source: tui/src/streaming/mermaid_tests.rs
expression: snapshot
---
┌──────┐    ┌─────────┐
│ 入口 ├───▶│ Gateway │
└──────┘    └─────────┘

┌──────┐    ┌─────────┐    ┌───────┐
│ 入口 ├───▶│ Gateway ├───▶│ Reply │
└──────┘    └─────────┘    └───────┘

> ┌──────┐    ┌─────────┐
> │ 入口 ├───▶│ Gateway │
> └──────┘    └─────────┘

> ┌──────┐    ┌─────────┐    ┌───────┐
> │ 入口 ├───▶│ Gateway ├───▶│ Reply │
> └──────┘    └─────────┘    └───────┘

-
  ┌──────┐    ┌─────────┐
  │ 入口 ├───▶│ Gateway │
  └──────┘    └─────────┘

-
  ┌──────┐    ┌─────────┐    ┌───────┐
  │ 入口 ├───▶│ Gateway ├───▶│ Reply │
  └──────┘    └─────────┘    └───────┘

        Sep 11                                                                    Sep 15
        ├──────────────────────────────────────────────────────────────────────────────┤
Build │ ━━━━━━━━━━━━━━━━━━━━━━━━━━━━━━━━━━━━━━━━━━━━━━━━━━━━━━━━━━━━━━━━━━━━━━━━━━━━━━━

        Sep 11                                                                    Sep 15
        ├──────────────────────────────────────────────────────────────────────────────┤
Build │ ━━━━━━━━━━━━━━━━━━━━━━━━━━━━━━━━━━━━━━━━━━━━━━━━━━━━━━━━━━━━━━━━━━━━━━━━━━━━━━━
Ship  │                                                                                ◆

┌──────┐  ┌─────┐
│ User │  │ API │
└───┬──┘  └──┬──┘
    │        │
    │Request │
    ├───────▶│
    │        │
┌───┴──┐  ┌──┴──┐
│ User │  │ API │
└──────┘  └─────┘

┌──────┐  ┌─────┐
│ User │  │ API │
└───┬──┘  └──┬──┘
    │        │
    │Request │
    ├───────▶│
    │        │
    │ Reply  │
    │◄╌╌╌╌╌╌╌┤
    │        │
┌───┴──┐  ┌──┴──┐
│ User │  │ API │
└──────┘  └─────┘

  ┌ Clients ──┐
  │           │
  │           │
  │           │
  │  ┌─────┐  │
  │  │ Web │  │
  │  └─────┘  │
  │           │
  │           │
  └───────────┘

  ┌ Clients ──┐    ┌ Backend ──┐
  │           │    │           │
  │           │    │           │
  │           │    │           │
  │  ┌─────┐  │    │  ┌─────┐  │
  │  │ Web │──┼────┼─▶│ API │  │
  │  └─────┘  │    │  └─────┘  │
  │           │    │           │
  │           │    │           │
  └───────────┘    └───────────┘
