---
source: tui/src/markdown_render/mermaid_tests.rs
expression: "rendered.join(\"\\n\\n\")"
---
    ┌─────────┐
    │ Request │
    └────┬────┘
         │
         ▼
   ╭──────────╮
   │ Allowed? │
   ╰─────┬────╯
    ┌────┴─────┐
    ▼yes       ▼no
 ┌─────┐  ┌────────┐
 │ Run │  │ Reject │
 └─────┘  └────────┘

┌ Gateway ──────────────┐
│                       │
│┌────────┐    ┌───────┐│    ┌───────┐
││ Router ├───▶│ Agent │├───▶│ Model │
│└────────┘    └───────┘│    └───────┘
└───────────────────────┘

┌──────┐  ┌───────┐
│ User │  │ Agent │
└───┬──┘  └───┬───┘
    │         │
    │Question │
    ├────────▶│
    │         │
    │ Answer  │
    │◄╌╌╌╌╌╌╌╌┤
    │         │
┌───┴──┐  ┌───┴───┐
│ User │  │ Agent │
└──────┘  └───────┘

    ╭───╮
    │ ● │
    ╰─┬─╯
      │
      ▼
  ╭──────╮   done
  │ Idle │◄───────┐
  ╰───┬──╯        │
      │           │
      ▼start      │
 ╭─────────╮      │
 │ Running ├──────┘
 ╰─────────╯

 ┌────────┐
 │ Agent  │
 ├────────┤
 │ +run() │
 └────┬───┘
      │
      ▼
 ┌─────────┐
 │ Session │
 └─────────┘

  ┌───────┐
  │ AGENT │
  └───┬───┘
      │
      │1 owns 0..*
 ┌─────────┐
 │ SESSION │
 └─────────┘
