---
source: tui/src/markdown_render/mermaid_tests.rs
expression: output
---
  ┌ Clients ─────────┐                                                           ┌ Storage ───────────┐
  │                  │                                                           │                    │
  │                  │    ┌ Backend ────────────────────────────────────────┐    │                    │
  │                  │    │                                                 │    │                    │
  │  ┌─────────┐     │    │                                                 │    │  ╭──────────╮      │
  │  │ Web app │─────┼────┼┐                ┌───────────────────────────────┼────┼─▶│ Database │◄┐    │
  │  └─────────┘     │    ││ ┌────────────┐ │  ┌───────────┐    ┌────────┐  │    │  ╰──────────╯ │    │
  │                  │    │└▶│ API server │─┴─▶│ Job queue │───▶│ Worker │─┬┼────┼───────────────┘    │
  │  ┌────────────┐  │    │  └────────────┘    └───────────┘    └────────┘ ││    │  ╭──────────────╮  │
  │  │ Mobile app │──┼────┼────────┐▲                                      └┼────┼─▶│ File storage │  │
  │  └────────────┘  │    │        └┘                                       │    │  ╰──────────────╯  │
  │                  │    └─────────────────────────────────────────────────┘    │                    │
  │                  │                                                           │                    │
  └──────────────────┘                                                           └────────────────────┘
