---
source: tui/src/mermaid/renderer/grouped_tests.rs
expression: output
---
LR


                   ┌ Backend ─────────────────────┐
                   │                              │
                   │                              │
  ┌ Clients ──┐    │  ┌ Services ─┐               │
  │           │    │  │           │               │
  │           │    │  │           │               │
  │           │    │  │           │               │
  │  ┌─────┐  │    │  │  ┌─────┐  │    ┌───────┐  │
  │  │ Web │──┼────┼──┼─▶│ API │╌╌┼╌╌╌▶│ Queue │  │
  │  └─────┘  │    │  │  └─────┘  │    └───────┘  │
  │           │    │  │           │               │
  │           │    │  │           │               │
  └───────────┘    │  └───────────┘               │
                   │                              │
                   │                              │
                   └──────────────────────────────┘



TD


     ┌ Clients ───┐
     │            │
     │            │
     │   ┌─────┐  │
     │   │ Web │─┐│
     │   └─────┘ ││
     │           ││
     │           ││
     └───────────┼┘
                 │
                 │
  ┌ Backend ─────┼───┐
  │              │   │
  │              │   │
  │  ┌ Services ─┼┐  │
  │  │           ││  │
  │  │           ││  │
  │  │   ┌─────┐ ││  │
  │  │   │ API │◄┘│  │
  │  │   └─────┘  │  │
  │  │      ╎     │  │
  │  │      ╎     │  │
  │  └──────┼─────┘  │
  │         ╎        │
  │         ▼        │
  │     ┌───────┐    │
  │     │ Queue │    │
  │     └───────┘    │
  │                  │
  │                  │
  └──────────────────┘



RL


  ┌───────────────────── Backend ┐
  │                              │
  │                              │
  │               ┌─ Services ┐  │    ┌── Clients ┐
  │               │           │  │    │           │
  │               │           │  │    │           │
  │               │           │  │    │           │
  │  ┌───────┐    │  ┌─────┐  │  │    │  ┌─────┐  │
  │  │ Queue │◄╌╌╌┼╌╌│ API │◄─┼──┼────┼──│ Web │  │
  │  └───────┘    │  └─────┘  │  │    │  └─────┘  │
  │               │           │  │    │           │
  │               │           │  │    │           │
  │               └───────────┘  │    └───────────┘
  │                              │
  │                              │
  └──────────────────────────────┘



BT


  ┌──────────────────┐
  │                  │
  │                  │
  │     ┌───────┐    │
  │     │ Queue │    │
  │     └───────┘    │
  │         ▲        │
  │         ╎        │
  │  ┌──────┼─────┐  │
  │  │      ╎     │  │
  │  │      ╎     │  │
  │  │   ┌─────┐  │  │
  │  │   │ API │◄┐│  │
  │  │   └─────┘ ││  │
  │  │           ││  │
  │  │           ││  │
  │  └ Services ─┼┘  │
  │              │   │
  │              │   │
  └ Backend ─────┼───┘
                 │
                 │
     ┌───────────┼┐
     │           ││
     │           ││
     │   ┌─────┐ ││
     │   │ Web │─┘│
     │   └─────┘  │
     │            │
     │            │
     └ Clients ───┘



self loop


  ┌ Work ────────────┐
  │                  │
  │                  │
  │                  │
  │  ┌─────┐         │
  │  │  A  │─┐       │
  │  └─────┘ │       │
  │     ▲    │       │
  │     └────┘retry  │
  │                  │
  │                  │
  └──────────────────┘



parallel and bidirectional


  ┌ Work ────────────┐
  │                  │
  │    ┌────────┐    │
  │    │        ▼    │
  │  ┌───┐    ┌───┐  │
  │  │ A │◄──▶│ B │  │
  │  └───┘    └───┘  │
  │                  │
  │                  │
  └──────────────────┘



explicit group endpoints


      ┌───┐
      │ X │
      └───┘
        │
        ▼
  ┌ Work ────┐
  │          │
  │          │
  │   ┌───┐  │
  │   │ A │  │
  │   └───┘  │
  │     │    │
  │     ▼    │
  │   ┌───┐  │
  │   │ B │  │
  │   └───┘  │
  │          │
  │          │
  └──────────┘
        │
        ▼
      ┌───┐
      │ Y │
      └───┘
